// Jest Snapshot v1, https://goo.gl/fbAQLP

exports[`GetMeUseCase should get current user 1`] = `
{
  "user": {
    "bannerImg": null,
    "bio": "bio",
    "createdAt": 2000-01-01T00:00:00.000Z,
    "followers": 0,
    "following": 0,
    "id": "1",
    "name": "John Doe",
    "profileImg": null,
    "username": "johndoe",
  },
}
`;
